#signature {"exposed_namespace":"SherlockSchema","top_level_name":"TopLevelTransaction","schema":{"types":[["T9000000000000000033",{"ReflectedType_Primitive":{"type_id":"T9000000000000000033"},"":"T9202934106479999325"}],["T9000000000000000042",{"ReflectedType_Primitive":{"type_id":"T9000000000000000042"},"":"T9202934106479999325"}],["T9000000000000000061",{"ReflectedType_Primitive":{"type_id":"T9000000000000000061"},"":"T9202934106479999325"}],["T9200018162904582576",{"ReflectedType_Struct":{"type_id":"T9200018162904582576","native_name":"RecordDictionaryUpdated","super_id":"T1","template_id":null,"fields":[{"type_id":"T9000000000000000061","name":"us","description":null},{"type_id":"T9203814642861248754","name":"data","description":null}]},"":"T9206858900297712816"}],["T9200749443989249031",{"ReflectedType_Struct":{"type_id":"T9200749443989249031","native_name":"RecordDictionaryDeleted","super_id":"T1","template_id":null,"fields":[{"type_id":"T9000000000000000061","name":"us","description":null},{"type_id":"T9000000000000000042","name":"key","description":null}]},"":"T9206858900297712816"}],["T9203741807571027386",{"ReflectedType_Struct":{"type_id":"T9203741807571027386","native_name":"Cell","super_id":"T1","template_id":null,"fields":[{"type_id":"T9000000000000000033","name":"foo","description":null},{"type_id":"T9000000000000000042","name":"bar","description":null},{"type_id":"T9000000000000000033","name":"phew","description":null}]},"":"T9206858900297712816"}],["T9203814642861248754",{"ReflectedType_Struct":{"type_id":"T9203814642861248754","native_name":"Record","super_id":"T1","template_id":null,"fields":[{"type_id":"T9000000000000000042","name":"lhs","description":null},{"type_id":"T9000000000000000033","name":"rhs","description":null}]},"":"T9206858900297712816"}],["T9205023127392185890",{"ReflectedType_Struct":{"type_id":"T9205023127392185890","native_name":"CellUnorderedOneToUnorderedManyUpdated","super_id":"T1","template_id":null,"fields":[{"type_id":"T9000000000000000061","name":"us","description":null},{"type_id":"T9203741807571027386","name":"data","description":null}]},"":"T9206858900297712816"}],["T9205023127661870334",{"ReflectedType_Struct":{"type_id":"T9205023127661870334","native_name":"CellUnorderedOneToOrderedOneUpdated","super_id":"T1","template_id":null,"fields":[{"type_id":"T9000000000000000061","name":"us","description":null},{"type_id":"T9203741807571027386","name":"data","description":null}]},"":"T9206858900297712816"}],["T9205023127814032796",{"ReflectedType_Struct":{"type_id":"T9205023127814032796","native_name":"CellUnorderedManyToUnorderedManyUpdated","super_id":"T1","template_id":null,"fields":[{"type_id":"T9000000000000000061","name":"us","description":null},{"type_id":"T9203741807571027386","name":"data","description":null}]},"":"T9206858900297712816"}],["T9205023128054829099",{"ReflectedType_Struct":{"type_id":"T9205023128054829099","native_name":"CellUnorderedOneToOrderedManyUpdated","super_id":"T1","template_id":null,"fields":[{"type_id":"T9000000000000000061","name":"us","description":null},{"type_id":"T9203741807571027386","name":"data","description":null}]},"":"T9206858900297712816"}],["T9205023128297333949",{"ReflectedType_Struct":{"type_id":"T9205023128297333949","native_name":"CellOrderedManyToOrderedManyUpdated","super_id":"T1","template_id":null,"fields":[{"type_id":"T9000000000000000061","name":"us","description":null},{"type_id":"T9203741807571027386","name":"data","description":null}]},"":"T9206858900297712816"}],["T9205023128352633180",{"ReflectedType_Struct":{"type_id":"T9205023128352633180","native_name":"CellUnorderedOneToUnorderedOneUpdated","super_id":"T1","template_id":null,"fields":[{"type_id":"T9000000000000000061","name":"us","description":null},{"type_id":"T9203741807571027386","name":"data","description":null}]},"":"T9206858900297712816"}],["T9205023129272352775",{"ReflectedType_Struct":{"type_id":"T9205023129272352775","native_name":"CellOrderedManyToUnorderedManyUpdated","super_id":"T1","template_id":null,"fields":[{"type_id":"T9000000000000000061","name":"us","description":null},{"type_id":"T9203741807571027386","name":"data","description":null}]},"":"T9206858900297712816"}],["T9205023129918235230",{"ReflectedType_Struct":{"type_id":"T9205023129918235230","native_name":"CellOrderedOneToUnorderedManyUpdated","super_id":"T1","template_id":null,"fields":[{"type_id":"T9000000000000000061","name":"us","description":null},{"type_id":"T9203741807571027386","name":"data","description":null}]},"":"T9206858900297712816"}],["T9205023130068408885",{"ReflectedType_Struct":{"type_id":"T9205023130068408885","native_name":"CellOrderedOneToOrderedManyUpdated","super_id":"T1","template_id":null,"fields":[{"type_id":"T9000000000000000061","name":"us","description":null},{"type_id":"T9203741807571027386","name":"data","description":null}]},"":"T9206858900297712816"}],["T9205023130270159892",{"ReflectedType_Struct":{"type_id":"T9205023130270159892","native_name":"CellUnorderedManyToOrderedManyUpdated","super_id":"T1","template_id":null,"fields":[{"type_id":"T9000000000000000061","name":"us","description":null},{"type_id":"T9203741807571027386","name":"data","description":null}]},"":"T9206858900297712816"}],["T9205023130389938677",{"ReflectedType_Struct":{"type_id":"T9205023130389938677","native_name":"CellOrderedOneToUnorderedOneUpdated","super_id":"T1","template_id":null,"fields":[{"type_id":"T9000000000000000061","name":"us","description":null},{"type_id":"T9203741807571027386","name":"data","description":null}]},"":"T9206858900297712816"}],["T9205023130452811452",{"ReflectedType_Struct":{"type_id":"T9205023130452811452","native_name":"CellOrderedOneToOrderedOneUpdated","super_id":"T1","template_id":null,"fields":[{"type_id":"T9000000000000000061","name":"us","description":null},{"type_id":"T9203741807571027386","name":"data","description":null}]},"":"T9206858900297712816"}],["T9206905014308449807",{"ReflectedType_Struct":{"type_id":"T9206905014308449807","native_name":"TransactionMeta","super_id":"T1","template_id":null,"fields":[{"type_id":"T9000000000000000061","name":"begin_us","description":null},{"type_id":"T9000000000000000061","name":"end_us","description":null},{"type_id":"T9349351407460177576","name":"fields","description":null}]},"":"T9206858900297712816"}],["T9209039435120443105",{"ReflectedType_Struct":{"type_id":"T9209039435120443105","native_name":"CellOrderedOneToOrderedOneDeleted","super_id":"T1","template_id":null,"fields":[{"type_id":"T9000000000000000061","name":"us","description":null},{"type_id":"T9339351407460177864","name":"key","description":null}]},"":"T9206858900297712816"}],["T9209039435655528963",{"ReflectedType_Struct":{"type_id":"T9209039435655528963","native_name":"CellOrderedOneToUnorderedManyDeleted","super_id":"T1","template_id":null,"fields":[{"type_id":"T9000000000000000061","name":"us","description":null},{"type_id":"T9339351407460177864","name":"key","description":null}]},"":"T9206858900297712816"}],["T9209039435674647144",{"ReflectedType_Struct":{"type_id":"T9209039435674647144","native_name":"CellOrderedOneToOrderedManyDeleted","super_id":"T1","template_id":null,"fields":[{"type_id":"T9000000000000000061","name":"us","description":null},{"type_id":"T9339351407460177864","name":"key","description":null}]},"":"T9206858900297712816"}],["T9209039435988574632",{"ReflectedType_Struct":{"type_id":"T9209039435988574632","native_name":"CellOrderedOneToUnorderedOneDeleted","super_id":"T1","template_id":null,"fields":[{"type_id":"T9000000000000000061","name":"us","description":null},{"type_id":"T9339351407460177864","name":"key","description":null}]},"":"T9206858900297712816"}],["T9209039436010353737",{"ReflectedType_Struct":{"type_id":"T9209039436010353737","native_name":"CellUnorderedManyToOrderedManyDeleted","super_id":"T1","template_id":null,"fields":[{"type_id":"T9000000000000000061","name":"us","description":null},{"type_id":"T9339351407460177864","name":"key","description":null}]},"":"T9206858900297712816"}],["T9209039437022797914",{"ReflectedType_Struct":{"type_id":"T9209039437022797914","native_name":"CellOrderedManyToUnorderedManyDeleted","super_id":"T1","template_id":null,"fields":[{"type_id":"T9000000000000000061","name":"us","description":null},{"type_id":"T9339351407460177864","name":"key","description":null}]},"":"T9206858900297712816"}],["T9209039437172871425",{"ReflectedType_Struct":{"type_id":"T9209039437172871425","native_name":"CellUnorderedOneToUnorderedOneDeleted","super_id":"T1","template_id":null,"fields":[{"type_id":"T9000000000000000061","name":"us","description":null},{"type_id":"T9339351407460177864","name":"key","description":null}]},"":"T9206858900297712816"}],["T9209039437259130080",{"ReflectedType_Struct":{"type_id":"T9209039437259130080","native_name":"CellOrderedManyToOrderedManyDeleted","super_id":"T1","template_id":null,"fields":[{"type_id":"T9000000000000000061","name":"us","description":null},{"type_id":"T9339351407460177864","name":"key","description":null}]},"":"T9206858900297712816"}],["T9209039437710912961",{"ReflectedType_Struct":{"type_id":"T9209039437710912961","native_name":"CellUnorderedManyToUnorderedManyDeleted","super_id":"T1","template_id":null,"fields":[{"type_id":"T9000000000000000061","name":"us","description":null},{"type_id":"T9339351407460177864","name":"key","description":null}]},"":"T9206858900297712816"}],["T9209039437957214326",{"ReflectedType_Struct":{"type_id":"T9209039437957214326","native_name":"CellUnorderedOneToOrderedManyDeleted","super_id":"T1","template_id":null,"fields":[{"type_id":"T9000000000000000061","name":"us","description":null},{"type_id":"T9339351407460177864","name":"key","description":null}]},"":"T9206858900297712816"}],["T9209039438368165503",{"ReflectedType_Struct":{"type_id":"T9209039438368165503","native_name":"CellUnorderedOneToUnorderedManyDeleted","super_id":"T1","template_id":null,"fields":[{"type_id":"T9000000000000000061","name":"us","description":null},{"type_id":"T9339351407460177864","name":"key","description":null}]},"":"T9206858900297712816"}],["T9209039438632737955",{"ReflectedType_Struct":{"type_id":"T9209039438632737955","native_name":"CellUnorderedOneToOrderedOneDeleted","super_id":"T1","template_id":null,"fields":[{"type_id":"T9000000000000000061","name":"us","description":null},{"type_id":"T9339351407460177864","name":"key","description":null}]},"":"T9206858900297712816"}],["T9209062424986788238",{"ReflectedType_Struct":{"type_id":"T9209062424986788238","native_name":"Transaction_Z","super_id":"T1","template_id":"T9226402714385162233","fields":[{"type_id":"T9206905014308449807","name":"meta","description":null},{"type_id":"T9314245420243091404","name":"mutations","description":null}]},"":"T9206858900297712816"}],["T9226402714385162233",{"ReflectedType_Variant":{"type_id":"T9226402714385162233","name":"Variant_B_RecordDictionaryUpdated_CellUnorderedManyToUnorderedManyUpdated_CellOrderedManyToOrderedManyUpdated_CellUnorderedManyToOrderedManyUpdated_CellOrderedManyToUnorderedManyUpdated_CellUnorderedOneToUnorderedOneUpdated_CellOrderedOneToOrderedOneUpdated_CellUnorderedOneToOrderedOneUpdated_CellOrderedOneToUnorderedOneUpdated_CellUnorderedOneToUnorderedManyUpdated_CellOrderedOneToOrderedManyUpdated_CellUnorderedOneToOrderedManyUpdated_CellOrderedOneToUnorderedManyUpdated_RecordDictionaryDeleted_CellUnorderedManyToUnorderedManyDeleted_CellOrderedManyToOrderedManyDeleted_CellUnorderedManyToOrderedManyDeleted_CellOrderedManyToUnorderedManyDeleted_CellUnorderedOneToUnorderedOneDeleted_CellOrderedOneToOrderedOneDeleted_CellUnorderedOneToOrderedOneDeleted_CellOrderedOneToUnorderedOneDeleted_CellUnorderedOneToUnorderedManyDeleted_CellOrderedOneToOrderedManyDeleted_CellUnorderedOneToOrderedManyDeleted_CellOrderedOneToUnorderedManyDeleted_E","cases":["T9200018162904582576","T9205023127814032796","T9205023128297333949","T9205023130270159892","T9205023129272352775","T9205023128352633180","T9205023130452811452","T9205023127661870334","T9205023130389938677","T9205023127392185890","T9205023130068408885","T9205023128054829099","T9205023129918235230","T9200749443989249031","T9209039437710912961","T9209039437259130080","T9209039436010353737","T9209039437022797914","T9209039437172871425","T9209039435120443105","T9209039438632737955","T9209039435988574632","T9209039438368165503","T9209039435674647144","T9209039437957214326","T9209039435655528963"]},"":"T9200168434804382929"}],["T9314245420243091404",{"ReflectedType_Vector":{"type_id":"T9314245420243091404","element_type":"T9226402714385162233"},"":"T9200962247788856851"}],["T9339351407460177864",{"ReflectedType_Pair":{"type_id":"T9339351407460177864","first_type":"T9000000000000000033","second_type":"T9000000000000000042"},"":"T9204043891428394790"}],["T9349351407460177576",{"ReflectedType_Map":{"type_id":"T9349351407460177576","key_type":"T9000000000000000042","value_type":"T9000000000000000042"},"":"T9204099933414109601"}]],"order":["T9349351407460177576","T9206905014308449807","T9203814642861248754","T9200018162904582576","T9203741807571027386","T9205023127814032796","T9205023128297333949","T9205023130270159892","T9205023129272352775","T9205023128352633180","T9205023130452811452","T9205023127661870334","T9205023130389938677","T9205023127392185890","T9205023130068408885","T9205023128054829099","T9205023129918235230","T9200749443989249031","T9339351407460177864","T9209039437710912961","T9209039437259130080","T9209039436010353737","T9209039437022797914","T9209039437172871425","T9209039435120443105","T9209039438632737955","T9209039435988574632","T9209039438368165503","T9209039435674647144","T9209039437957214326","T9209039435655528963","T9226402714385162233","T9314245420243091404","T9209062424986788238"]}}
{"index":0,"us":103}	{"meta":{"begin_us":100,"end_us":103,"fields":{"user":"dima"}},"mutations":[{"RecordDictionaryUpdated":{"us":101,"data":{"lhs":"one","rhs":1}},"":"T9200018162904582576"},{"RecordDictionaryUpdated":{"us":102,"data":{"lhs":"two","rhs":2}},"":"T9200018162904582576"}]}
{"index":1,"us":203}	{"meta":{"begin_us":200,"end_us":203,"fields":{}},"mutations":[{"RecordDictionaryUpdated":{"us":201,"data":{"lhs":"three","rhs":3}},"":"T9200018162904582576"},{"RecordDictionaryDeleted":{"us":202,"key":"two"},"":"T9200749443989249031"}]}
#head	00000000000000000300
