Field	Type	Set	Unset/Null	Values	Details
Schema	Array	1	0
Schema[]	Object	3	0	empty object	
