Field	Type	Set	Unset/Null	Values	Details
Schema	Array	1	0
Schema[]	Double	3	0	Mean 1, StdDev 0.408248
