Field	Type	Set	Unset/Null	Values	Details
Schema	Array	1	0
Schema[]	Integer	3	0	Mean 2, StdDev 0.816497
