Field	Type	Set	Unset/Null	Values	Details
Schema	Array	1	0
Schema[]	String	3	0	2 distinct values	`a` : 2, `b` : 1
