Field	Type	Set	Unset/Null	Values	Details
Schema	Array	1	0
Schema[]	String	3	0	3 distinct values	`bar` : 1, `baz` : 1, `foo` : 1
