Field	Type	Set	Unset/Null	Values	Details
Schema	Object	1	0	empty object	
