[
  { "x": {
      "a": "foo",
      "b": null,
      "c": "bar"
    }
  },
  { "x": {
      "a": "foo",
      "b": [],
      "c": "bar"
    }
  },
  { "x": null },
  { "x": {
      "a": "foo",
      "c": "bar"
    }
  }
]
