Field	Type	Set	Unset/Null	Values	Details
Schema	Object	3	0	3 fields	s, b, optional
Schema.s	String	3	0	3 distinct values, "string":1, "duh":1, "another string":1
Schema.b	Bool	3	0	1 false, 2 true
Schema.optional	Array	1	0
Schema.optional[]	Object	2	0	2 fields	string, maybe
Schema.optional[].string	String	2	0	2 distinct values, "s2":1, "s":1
Schema.optional[].maybe	Bool	1	0	0 false, 1 true
