Field	Type	Set	Unset/Null	Values	Details
Schema	Object	1	0	1 field	a
Schema.a	String	1	0	1 distinct value	`b` : 1
