#signature {"namespace_name":"StreamSchema","entry_name":"TopLevelTransaction","schema":{"types":[["T9000000000000000042",{"ReflectedType_Primitive":{"type_id":"T9000000000000000042"},"":"T9202934106479999325"}],["T9000000000000000061",{"ReflectedType_Primitive":{"type_id":"T9000000000000000061"},"":"T9202934106479999325"}],["T9200749442651087763",{"ReflectedType_Struct":{"type_id":"T9200749442651087763","native_name":"PersistedUserDeleted","super_id":"T1","template_id":null,"fields":[{"type_id":"T9000000000000000061","name":"us","description":null},{"type_id":"T9000000000000000042","name":"key","description":null}]},"":"T9206858900297712816"}],["T9202335020894922996",{"ReflectedType_Struct":{"type_id":"T9202335020894922996","native_name":"Name","super_id":"T1","template_id":null,"fields":[{"type_id":"T9000000000000000042","name":"full","description":null}]},"":"T9206858900297712816"}],["T9202361573173033476",{"ReflectedType_Struct":{"type_id":"T9202361573173033476","native_name":"User","super_id":"T9202335020894922996","template_id":null,"fields":[{"type_id":"T9000000000000000042","name":"key","description":null}]},"":"T9206858900297712816"}],["T9204310366938332731",{"ReflectedType_Struct":{"type_id":"T9204310366938332731","native_name":"Transaction_Z","super_id":"T1","template_id":"T9221660456409416796","fields":[{"type_id":"T9206905014308449807","name":"meta","description":null},{"type_id":"T9313051430146679523","name":"mutations","description":null}]},"":"T9206858900297712816"}],["T9206905014308449807",{"ReflectedType_Struct":{"type_id":"T9206905014308449807","native_name":"TransactionMeta","super_id":"T1","template_id":null,"fields":[{"type_id":"T9000000000000000061","name":"begin_us","description":null},{"type_id":"T9000000000000000061","name":"end_us","description":null},{"type_id":"T9349351407460177576","name":"fields","description":null}]},"":"T9206858900297712816"}],["T9208682047004194331",{"ReflectedType_Struct":{"type_id":"T9208682047004194331","native_name":"PersistedUserUpdated","super_id":"T1","template_id":null,"fields":[{"type_id":"T9000000000000000061","name":"us","description":null},{"type_id":"T9202361573173033476","name":"data","description":null}]},"":"T9206858900297712816"}],["T9221660456409416796",{"ReflectedType_Variant":{"type_id":"T9221660456409416796","name":"Variant_B_PersistedUserUpdated_PersistedUserDeleted_E","cases":["T9208682047004194331","T9200749442651087763"]},"":"T9200168434804382929"}],["T9313051430146679523",{"ReflectedType_Vector":{"type_id":"T9313051430146679523","element_type":"T9221660456409416796"},"":"T9200962247788856851"}],["T9349351407460177576",{"ReflectedType_Map":{"type_id":"T9349351407460177576","key_type":"T9000000000000000042","value_type":"T9000000000000000042"},"":"T9204099933414109601"}]],"order":["T9349351407460177576","T9206905014308449807","T9202335020894922996","T9202361573173033476","T9208682047004194331","T9200749442651087763","T9221660456409416796","T9313051430146679523","T9204310366938332731"]}}
{"index":0,"us":3}	{"meta":{"begin_us":0,"end_us":2,"fields":{}},"mutations":[{"PersistedUserUpdated":{"us":1,"data":{"full":"Marx, K","key":"karl"}},"":"T9208682047004194331"}]}
{"index":1,"us":8}	{"meta":{"begin_us":4,"end_us":7,"fields":{}},"mutations":[{"PersistedUserUpdated":{"us":5,"data":{"full":"Korolev, D","key":"dima"}},"":"T9208682047004194331"},{"PersistedUserUpdated":{"us":6,"data":{"full":"Zhurovich, M","key":"max"}},"":"T9208682047004194331"}]}
