#HEAD	00000000000000000000
{"index":0,"us":3}	{"meta":{"begin_us":0,"end_us":2,"fields":{}},"mutations":[{"PersistedUserUpdated":{"us":1,"data":{"first":"KARL","last":"MARX","key":"karl"}},"":"T9209900071115339734"}]}
{"index":1,"us":8}	{"meta":{"begin_us":4,"end_us":7,"fields":{}},"mutations":[{"PersistedUserUpdated":{"us":5,"data":{"first":"DIMA","last":"KOROLEV","key":"dima"}},"":"T9209900071115339734"},{"PersistedUserUpdated":{"us":6,"data":{"first":"MAX","last":"ZHUROVICH","key":"max"}},"":"T9209900071115339734"}]}
