def say_hello():
    print 'Test passed.'

say_hello()
