
                                                Labeled Points




















                                              P2





                                                                            P1












                      P3














                                                                                         P0














                      P4












                                                                            P6





                                              P5





















