
                                           Imagine all the people ...

  15 ++-----------+------------+------------+------------+-----------+------------+------------+-----------++
     +            +            +            +            +           +            +            +            +
     |            :            :            :            :           :            :            :            |
     |            :            :            :            :           :            :            :            |
     |            :            :            :            :           :            :            :            |
     |            :            :            :            :           :            :            :            |
     |            :            :            :            :           :            :            :            |
     |            :            :            :            :           :            :            :            |
     |            :            :            :            :           :            :            :            |
     |            :            :            :            :           :            :            :            |
     |            :            :            :            :           :            :            :            |
     |            :            :            :            :           :            :            :            |
     |            :            :            :            :           :            :            :            |
     |            :        ++++:            :            :           :            :++++        :            |
     |            :   ++++++  +++++++       :            :           :       +++++++  ++++++   :            |
  10 ++.............+++.............+++++................................+++++.............+++.............++
     |            :++          :        ++++:            :           :++++        :          ++:            |
     |            ++           :           +++           :          +++           :           ++            |
     |           ++            :            : +++        :       +++ :            :            ++           |
     |           +:            :            :   +++      :     +++   :            :            :+           |
     |          ++:            :            :     +++    :   +++     :            :            :++          |
     |          + :            :            :       ++   :  ++       :            :            : +          |
     |          + :            :            :         ++ :++         :            :            : +          |
     |          + :            :            :          ++++          :            :            : +          |
     |         ++ :            :            :           ++           :            :            : ++         |
     |         +  :            :            :            :           :            :            :  +         |
     |         +  :            :            :            :           :            :            :  +         |
     |         +  :            :            :            :           :            :            :  +         |
     |         +  :            :            :            :           :            :            :  +         |
     |         +  :            :            :            :           :            :            :  +         |
   5 ++........+..................................................................................+........++
     |          + :            :            :            :           :            :            : +          |
     |          + :            :            :            :           :            :            : +          |
     |          + :            :            :            :           :            :            : +          |
     |          + :            :            :            :           :            :            : +          |
     |          + :            :            :            :           :            :            : +          |
     |          ++:            :            :            :           :            :            :++          |
     |           +:            :            :            :           :            :            :+           |
     |           +:            :            :            :           :            :            :+           |
     |           +:            :            :            :           :            :            :+           |
     |            +            :            :            :           :            :            +            |
     |            +            :            :            :           :            :            +            |
     |            +            :            :            :           :            :            +            |
     |            :+           :            :            :           :            :           +:            |
     |            :+           :            :            :           :            :           +:            |
   0 ++............++........................................................................++............++
     |            : +          :            :            :           :            :          + :            |
     |            : +          :            :            :           :            :          + :            |
     |            :  +         :            :            :           :            :         +  :            |
     |            :  +         :            :            :           :            :         +  :            |
     |            :  ++        :            :            :           :            :        ++  :            |
     |            :   +        :            :            :           :            :        +   :            |
     |            :   ++       :            :            :           :            :       ++   :            |
     |            :    +       :            :            :           :            :       +    :            |
     |            :    ++      :            :            :           :            :      ++    :            |
     |            :     +      :            :            :           :            :      +     :            |
     |            :      +     :            :            :           :            :     +      :            |
     |            :      +     :            :            :           :            :     +      :            |
     |            :       +    :            :            :           :            :    +       :            |
     |            :       +    :            :            :           :            :    +       :            |
  -5 ++....................+..........................................................+....................++
     |            :        ++  :            :            :           :            :  ++        :            |
     |            :         +  :            :            :           :            :  +         :            |
     |            :          + :            :            :           :            : +          :            |
     |            :          ++:            :            :           :            :++          :            |
     |            :           +:            :            :           :            :+           :            |
     |            :           ++            :            :           :            ++           :            |
     |            :            ++           :            :           :           ++            :            |
     |            :            :+           :            :           :           +:            :            |
     |            :            : +          :            :           :          + :            :            |
     |            :            : ++         :            :           :         ++ :            :            |
     |            :            :  ++        :            :           :        ++  :            :            |
     |            :            :   +        :            :           :        +   :            :            |
     |            :            :    +       :            :           :       +    :            :            |
     |            :            :    ++      :            :           :      ++    :            :            |
 -10 ++..............................++....................................++..............................++
     |            :            :      ++    :            :           :    ++      :            :            |
     |            :            :       ++   :            :           :   ++       :            :            |
     |            :            :        ++  :            :           :  ++        :            :            |
     |            :            :         ++ :            :           : ++         :            :            |
     |            :            :          + :            :           : +          :            :            |
     |            :            :           ++            :           ++           :            :            |
     |            :            :            ++           :          ++            :            :            |
     |            :            :            :++          :         ++:            :            :            |
     |            :            :            : ++         :        ++ :            :            :            |
     |            :            :            :  ++        :       ++  :            :            :            |
     |            :            :            :   ++       :      ++   :            :            :            |
     |            :            :            :     ++     :    ++     :            :            :            |
     |            :            :            :      ++    :   ++      :            :            :            |
     |            :            :            :        +++ :+++        :            :            :            |
 -15 ++................................................++++................................................++
     |            :            :            :            :           :            :            :            |
     |            :            :            :            :           :            :            :            |
     |            :            :            :            :           :            :            :            |
     |            :            :            :            :           :            :            :            |
     |            :            :            :            :           :            :            :            |
     |            :            :            :            :           :            :            :            |
     |            :            :            :            :           :            :            :            |
     |            :            :            :            :           :            :            :            |
     |            :            :            :            :           :            :            :            |
     |            :            :            :            :           :            :            :            |
     |            :            :            :            :           :            :            :            |
     |            :            :            :            :           :            :            :            |
     |            :            :            :            :           :            :            :            |
     +            +            +            +            +           +            +            +            +
 -20 ++-----------+------------+------------+------------+-----------+------------+------------+-----------++
    -20          -15          -10          -5            0           5            10           15           20
                                            ... living life in peace

