
                                        Graph 'title' with various "quotes"

    2 ++--------+--------------------+-------------------+-------------------+--------------------+--------++
      |         +                    +                   +                   +                    +         |
      |         :                    :                   :        'Legend', also known as the "key"h ****** |
      |         :                    :                   "cos(x)", '.AsPoints().Color("rgb 'blue'")'   A    |
      |         :                    :                   :                   +                    +         |
      |         :                    :                   :                   :                    :         |
      |         :                    :                   :                   :                    :         |
      |         :                    :                   :                   :                    :         |
      |         :                    :                   :                   :                    :         |
      |         :                    :                   :                   :                    :         |
      |         :                    :                   :                   :                    :         |
      |         :                    :                   :                   :                    :         |
      |         :                    :                   :                   :                    :         |
  1.5 ++...................................................................................................++
      |         :                    :                   :                   :                    :         |
      |         :                    :                   :                   :                    :         |
      |         :                    :                   :                   :                    :         |
      |         :                    :                   :                   :                    :         |
      |         :                    :                   :                   :                    :         |
      |         :                    :                   :                   :                    :         |
      |         :                    :                   :                   :                    :         |
      |         :                    :                   :                   :                    :         |
      |         :                    :                   :                   :                    :         |
      |         :                    :                   :                   :                    :         |
      |         :                    :                   :                   :                    :         |
      |         :                    :                   :                   :                    :         |
    1 ++.................................................A.................................................++
      |*****    :                    :                 AA:AA          ****** :                    :         |
      *     *   :                    :                A  :  A        *      *:                    :         |
      |      *  :                    :               A   :   A      *        *                    :         |
      |       * :                    :              A    :    A     *        :*                   :         |
      |        *:                    :             A     :     A   *         : *                  :         |
      |         *                    :                   :        *          : *                  :         |
      |         *                    :            A      :      A *          :  *                 :         |
      |         :*                   :                   :       *           :   *                :         |
      |         :*                   :           A       :       A           :   *                :         |
      |         : *                  :                   :      *            :    *               :         |
      |         : *                  :          A        :      * A          :     *              :         |
      |         :  *                 :                   :     *             :      *             :         |
      |         :  *                 :         A         :     *   A         :      *             :         |
  0.5 ++............*.........................................*.....................*......................++
      |         :   *                :        A          :    *     A        :       *            :         |
      |         :   *                :                   :   *               :       *            :         |
      |         :    *               :       A           :   *       A       :        *           :         |
      |         :    *               :                   :   *               :        *           :         |
      A         :     *              :                   :  *                :        *           :         A
      |         :     *              :      A            :  *         A      :         *          :         |
      |         :     *              :                   : *                 :         *          :         |
      |A        :      *             :     A             : *           A     :          *         :        A|
      |         :      *             :                   : *                 :          *         :         |
      |         :       *            :                   :*                  :          *         :         |
      | A       :       *            :    A              :*             A    :           *        :       A |
      |         :       *            :                   *                   :           *        :         |
    0 ++.A...............*...............................*...............................*...............A.++
      |         :        *           :   A               *               A   :            *       :         |
      |         :        *           :                  *:                   :            *       :         |
      |   A     :         *          :  A               *:                A  :             *      :     A   |
      |         :         *          :                  *:                   :             *      :         |
      |         :          *         :                 * :                   :             *      :         |
      |    A    :          *         : A               * :                 A :              *     :    A    |
      |         :          *         :                *  :                   :              *     :         |
      |     A   :           *        :                *  :                   :               *    :   A     |
      |         :           *        :A               *  :                  A:               *    :         |
      |         :            *       :               *   :                   :               *    :         |
      |      A  :            *       A               *   :                   A                *   :  A      |
      |         :            *       :              *    :                   :                *   :         |
 -0.5 ++......A...............*.....A...............*.........................A................*....A......++
      |         :             *      :              *    :                   :                 *  :         |
      |        A:              *     :             *     :                   :                  * :A        |
      |         :               *  A :             *     :                   : A                * :         |
      |         A                *   :            *      :                   :                   *A         |
      |         :                *A  :            *      :                   :  A                *:         |
      |         :A                *  :           *       :                   :                   A*         |
      |         :                A*  :           *       :                   :   A                *         |
      |         : A             A  * :          *        :                   :     A            A :*        |
      |         :  A                *:         *         :                   :                 A  :*        |
      |         :             A     *:         *         :                   :      A             : *       |
      |         :   A        A       *        *          :                   :       A        A   :  *      |
      |         :    A      A        :*      *           :                   :        A      A    :   *     *
   -1 ++..............AAAAAA...........******..........................................AAAAAA..........*****+
      |         :                    :                   :                   :                    :         |
      |         :                    :                   :                   :                    :         |
      |         :                    :                   :                   :                    :         |
      |         :                    :                   :                   :                    :         |
      |         :                    :                   :                   :                    :         |
      |         :                    :                   :                   :                    :         |
      |         :                    :                   :                   :                    :         |
      |         :                    :                   :                   :                    :         |
      |         :                    :                   :                   :                    :         |
      |         :                    :                   :                   :                    :         |
      |         :                    :                   :                   :                    :         |
      |         :                    :                   :                   :                    :         |
      |         :                    :                   :                   :                    :         |
 -1.5 ++...................................................................................................++
      |         :                    :                   :                   :                    :         |
      |         :                    :                   :                   :                    :         |
      |         :                    :                   :                   :                    :         |
      |         :                    :                   :                   :                    :         |
      |         :                    :                   :                   :                    :         |
      |         :                    :                   :                   :                    :         |
      |         :                    :                   :                   :                    :         |
      |         :                    :                   :                   :                    :         |
      |         :                    :                   :                   :                    :         |
      |         :                    :                   :                   :                    :         |
      |         :                    :                   :                   :                    :         |
      |         +                    +                   +                   +                    +         |
   -2 ++--------+--------------------+-------------------+-------------------+--------------------+--------++
               -4                   -2                   0                   2                    4

