{
  "structs": [
    [
      "T9202869030182953577",
      {
        "type_id": "T9202869030182953577",
        "name": "FullTest",
        "super_type_id": "T0",
        "fields": [
          [
            "T9206969065948310524",
            "primitives"
          ],
          [
            "T9319767778871345491",
            "v1"
          ],
          [
            "T9315520306457829347",
            "v2"
          ],
          [
            "T9334519405000386225",
            "p"
          ],
          [
            "T9211849004702662543",
            "o"
          ]
        ]
      }
    ],
    [
      "T9206969065948310524",
      {
        "type_id": "T9206969065948310524",
        "name": "Primitives",
        "super_type_id": "T0",
        "fields": [
          [
            "T9000000000000000021",
            "a"
          ],
          [
            "T9000000000000000022",
            "b"
          ],
          [
            "T9000000000000000023",
            "c"
          ],
          [
            "T9000000000000000024",
            "d"
          ],
          [
            "T9000000000000000031",
            "e"
          ],
          [
            "T9000000000000000032",
            "f"
          ],
          [
            "T9000000000000000033",
            "g"
          ],
          [
            "T9000000000000000034",
            "h"
          ],
          [
            "T9000000000000000041",
            "i"
          ],
          [
            "T9000000000000000042",
            "j"
          ],
          [
            "T9000000000000000051",
            "k"
          ],
          [
            "T9000000000000000052",
            "l"
          ],
          [
            "T9000000000000000011",
            "m"
          ],
          [
            "T9000000000000000061",
            "n"
          ],
          [
            "T9000000000000000062",
            "o"
          ]
        ]
      }
    ]
  ],
  "types": [
    [
      "T9211849004702662543",
      {
        "type_id": "T9211849004702662543",
        "enum_name": "",
        "included_types": [
          "T9206969065948310524"
        ]
      }
    ],
    [
      "T9315520306457829347",
      {
        "type_id": "T9315520306457829347",
        "enum_name": "",
        "included_types": [
          "T9206969065948310524"
        ]
      }
    ],
    [
      "T9319767778871345491",
      {
        "type_id": "T9319767778871345491",
        "enum_name": "",
        "included_types": [
          "T9000000000000000042"
        ]
      }
    ],
    [
      "T9334519405000386225",
      {
        "type_id": "T9334519405000386225",
        "enum_name": "",
        "included_types": [
          "T9000000000000000042",
          "T9206969065948310524"
        ]
      }
    ]
  ],
  "ordered_struct_list": [
    "T9206969065948310524",
    "T9202869030182953577"
  ]
}