Field	Type	Set	Unset/Null	Values	Details
Schema	Array	1	0
Schema[]	Integer	4	0	Mean 0, StdDev 1.58114
