Field	Type	Set	Unset/Null	Values	Details
Schema	Array	1	0
Schema[]	String	1	0	1 distinct value, "a":1
