Field	Type	Set	Unset/Null	Values	Details
Schema	Array	1	0
Schema[]	String	3	2	3 distinct values, "works":1, "this":1, "thing":1
