Field	Type	Set	Unset/Null	Values	Details
Schema	Bool	1	0	1 false, 0 true
