Field	Type	Set	Unset/Null	Values	Details
Schema	String	1	0	1 distinct value, "foo":1
