Field	Type	Set	Unset/Null	Values	Details
Schema	Array	1	0
Schema[]	Object	4	0	1 field	x
Schema[].x	Object	3	1	3 fields	a, b, c
Schema[].x.a	String	3	0	1 distinct value, "foo":3
Schema[].x.b	Null	3
Schema[].x.c	String	3	0	1 distinct value, "bar":3
