Field	Type	Set	Unset/Null	Values	Details
Schema	Object	1	0	1 field	x
Schema.x	Null	1
