../../tests_flip/golden/transactions_to_replicate.json