{
  "types": [
    [
      "T9000000000000000011",
      {
        "ReflectedType_Primitive": {
          "type_id": "T9000000000000000011"
        },
        "": "T9200000000887757410"
      }
    ],
    [
      "T9000000000000000021",
      {
        "ReflectedType_Primitive": {
          "type_id": "T9000000000000000021"
        },
        "": "T9200000000887757410"
      }
    ],
    [
      "T9000000000000000022",
      {
        "ReflectedType_Primitive": {
          "type_id": "T9000000000000000022"
        },
        "": "T9200000000887757410"
      }
    ],
    [
      "T9000000000000000023",
      {
        "ReflectedType_Primitive": {
          "type_id": "T9000000000000000023"
        },
        "": "T9200000000887757410"
      }
    ],
    [
      "T9000000000000000024",
      {
        "ReflectedType_Primitive": {
          "type_id": "T9000000000000000024"
        },
        "": "T9200000000887757410"
      }
    ],
    [
      "T9000000000000000031",
      {
        "ReflectedType_Primitive": {
          "type_id": "T9000000000000000031"
        },
        "": "T9200000000887757410"
      }
    ],
    [
      "T9000000000000000032",
      {
        "ReflectedType_Primitive": {
          "type_id": "T9000000000000000032"
        },
        "": "T9200000000887757410"
      }
    ],
    [
      "T9000000000000000033",
      {
        "ReflectedType_Primitive": {
          "type_id": "T9000000000000000033"
        },
        "": "T9200000000887757410"
      }
    ],
    [
      "T9000000000000000034",
      {
        "ReflectedType_Primitive": {
          "type_id": "T9000000000000000034"
        },
        "": "T9200000000887757410"
      }
    ],
    [
      "T9000000000000000041",
      {
        "ReflectedType_Primitive": {
          "type_id": "T9000000000000000041"
        },
        "": "T9200000000887757410"
      }
    ],
    [
      "T9000000000000000042",
      {
        "ReflectedType_Primitive": {
          "type_id": "T9000000000000000042"
        },
        "": "T9200000000887757410"
      }
    ],
    [
      "T9000000000000000051",
      {
        "ReflectedType_Primitive": {
          "type_id": "T9000000000000000051"
        },
        "": "T9200000000887757410"
      }
    ],
    [
      "T9000000000000000052",
      {
        "ReflectedType_Primitive": {
          "type_id": "T9000000000000000052"
        },
        "": "T9200000000887757410"
      }
    ],
    [
      "T9000000000000000061",
      {
        "ReflectedType_Primitive": {
          "type_id": "T9000000000000000061"
        },
        "": "T9200000000887757410"
      }
    ],
    [
      "T9000000000000000062",
      {
        "ReflectedType_Primitive": {
          "type_id": "T9000000000000000062"
        },
        "": "T9200000000887757410"
      }
    ],
    [
      "T9200377170767362844",
      {
        "ReflectedType_Struct": {
          "type_id": "T9200377170767362844",
          "name": "FullTest",
          "super_id": "T1",
          "fields": [
            [
              "T9206969065948310524",
              "primitives"
            ],
            [
              "T9319767778871345491",
              "v1"
            ],
            [
              "T9315520306457829347",
              "v2"
            ],
            [
              "T9334519405000386225",
              "p"
            ],
            [
              "T9211849004702662543",
              "o"
            ],
            [
              "T9229638386046851355",
              "q"
            ],
            [
              "T9239638386046851355",
              "r"
            ]
          ]
        },
        "": "T9204383916472223645"
      }
    ],
    [
      "T9202573821547132669",
      {
        "ReflectedType_Struct": {
          "type_id": "T9202573821547132669",
          "name": "B",
          "super_id": "T9206911749438269255",
          "fields": [
            [
              "T9000000000000000033",
              "b"
            ]
          ]
        },
        "": "T9204383916472223645"
      }
    ],
    [
      "T9204200194570452885",
      {
        "ReflectedType_Struct": {
          "type_id": "T9204200194570452885",
          "name": "C",
          "super_id": "T1",
          "fields": [
            [
              "T9230545412293788326",
              "c"
            ]
          ]
        },
        "": "T9204383916472223645"
      }
    ],
    [
      "T9206911749438269255",
      {
        "ReflectedType_Struct": {
          "type_id": "T9206911749438269255",
          "name": "A",
          "super_id": "T1",
          "fields": [
            [
              "T9000000000000000033",
              "a"
            ]
          ]
        },
        "": "T9204383916472223645"
      }
    ],
    [
      "T9206969065948310524",
      {
        "ReflectedType_Struct": {
          "type_id": "T9206969065948310524",
          "name": "Primitives",
          "super_id": "T1",
          "fields": [
            [
              "T9000000000000000021",
              "a"
            ],
            [
              "T9000000000000000022",
              "b"
            ],
            [
              "T9000000000000000023",
              "c"
            ],
            [
              "T9000000000000000024",
              "d"
            ],
            [
              "T9000000000000000031",
              "e"
            ],
            [
              "T9000000000000000032",
              "f"
            ],
            [
              "T9000000000000000033",
              "g"
            ],
            [
              "T9000000000000000034",
              "h"
            ],
            [
              "T9000000000000000041",
              "i"
            ],
            [
              "T9000000000000000042",
              "j"
            ],
            [
              "T9000000000000000051",
              "k"
            ],
            [
              "T9000000000000000052",
              "l"
            ],
            [
              "T9000000000000000011",
              "m"
            ],
            [
              "T9000000000000000061",
              "n"
            ],
            [
              "T9000000000000000062",
              "o"
            ]
          ]
        },
        "": "T9204383916472223645"
      }
    ],
    [
      "T9209980946011848465",
      {
        "ReflectedType_Struct": {
          "type_id": "T9209980946011848465",
          "name": "Y",
          "super_id": "T1",
          "fields": [
            [
              "T9000000000000000033",
              "x"
            ]
          ]
        },
        "": "T9204383916472223645"
      }
    ],
    [
      "T9209980946934124423",
      {
        "ReflectedType_Struct": {
          "type_id": "T9209980946934124423",
          "name": "X",
          "super_id": "T1",
          "fields": [
            [
              "T9000000000000000033",
              "x"
            ]
          ]
        },
        "": "T9204383916472223645"
      }
    ],
    [
      "T9211849004702662543",
      {
        "ReflectedType_Optional": {
          "type_id": "T9211849004702662543",
          "optional_type": "T9206969065948310524"
        },
        "": "T9206609512303532826"
      }
    ],
    [
      "T9229638386046851355",
      {
        "ReflectedType_Polymorphic": {
          "type_id": "T9229638386046851355",
          "cases": [
            "T9206911749438269255",
            "T9202573821547132669",
            "T9204200194570452885"
          ],
          "required": true
        },
        "": "T9202023158513339362"
      }
    ],
    [
      "T9230545412293788326",
      {
        "ReflectedType_Polymorphic": {
          "type_id": "T9230545412293788326",
          "cases": [
            "T9209980946934124423",
            "T9209980946011848465"
          ],
          "required": false
        },
        "": "T9202023158513339362"
      }
    ],
    [
      "T9239638386046851355",
      {
        "ReflectedType_Polymorphic": {
          "type_id": "T9239638386046851355",
          "cases": [
            "T9206911749438269255",
            "T9202573821547132669",
            "T9204200194570452885"
          ],
          "required": false
        },
        "": "T9202023158513339362"
      }
    ],
    [
      "T9315520306457829347",
      {
        "ReflectedType_Vector": {
          "type_id": "T9315520306457829347",
          "element_type": "T9206969065948310524"
        },
        "": "T9209585172575626540"
      }
    ],
    [
      "T9319767778871345491",
      {
        "ReflectedType_Vector": {
          "type_id": "T9319767778871345491",
          "element_type": "T9000000000000000042"
        },
        "": "T9209585172575626540"
      }
    ],
    [
      "T9334519405000386225",
      {
        "ReflectedType_Pair": {
          "type_id": "T9334519405000386225",
          "first_type": "T9000000000000000042",
          "second_type": "T9206969065948310524"
        },
        "": "T9205594056817681433"
      }
    ]
  ],
  "order": [
    "T9206969065948310524",
    "T9319767778871345491",
    "T9315520306457829347",
    "T9334519405000386225",
    "T9211849004702662543",
    "T9206911749438269255",
    "T9202573821547132669",
    "T9209980946934124423",
    "T9209980946011848465",
    "T9230545412293788326",
    "T9204200194570452885",
    "T9229638386046851355",
    "T9239638386046851355",
    "T9200377170767362844"
  ]
}